// Jest Snapshot v1, https://goo.gl/fbAQLP

exports[`CustomCytoscape matches snapshot 1`] = `
<div
  id="cyHeadless"
/>
`;
